bun test v1.3.14 (0d9b296a)

tests\unit\self-heal-source.test.ts:
(pass) source verification accepts only a committed Raya Git root and preserves its identity [1772.29ms]
(pass) an explicit missing source never falls back to an otherwise valid development checkout [413.32ms]
(pass) missing source saves intake in global context and performs no repair calls in the unrelated project [720.84ms]
(pass) valid source admission binds all repair requests and records the observed source commit [2727.77ms]
(pass) a source revision changing before admission keeps the report without creating a repair [2277.06ms]
(pass) inherited mixed-case Git environment overrides cannot redirect source verification [1009.51ms]
(pass) uncommitted Raya-looking manifests cannot establish source identity for another committed product [1542.09ms]
(pass) a configured source link changing during preparation cannot redirect or retain repair authority [873.37ms]
(pass) duplicate repair admission creates no additional session or dispatch [1153.51ms]
(pass) startup failures retain their phase without repeating side effects or exposing raw errors [6366.27ms]
(pass) unavailable failure reporting leaves a readable retained phase notice and never replays dispatch [2038.57ms]
(pass) backlog summary exposes retained startup outcome and authoritative attempt session [2.66ms]
(pass) lost phase acknowledgements never authorize their dependent side effects [2822.36ms]
(pass) inspect reads the journal directly and handles missing outcomes without assuming release [3.29ms]
(pass) unknown worktree creation is inspectable and never starts a session or retries preparation [1921.59ms]
(pass) backend checkout denial prevents its dependent session or prompt request [3467.38ms]
(pass) self-heal summary distinguishes tested evidence, legacy claims and delivery [2.44ms]

 17 pass
 0 fail
 109 expect() calls
Ran 17 tests across 1 file. [29.31s]
