bun test v1.3.14 (0d9b296a)

tests\unit\self-heal-source.test.ts:
(pass) source verification accepts only a committed Raya Git root and preserves its identity [1509.85ms]
(pass) an explicit missing source never falls back to an otherwise valid development checkout [484.79ms]
(pass) missing source saves intake in global context and performs no repair calls in the unrelated project [515.24ms]
(pass) valid source admission binds all repair requests and records the observed source commit [2193.41ms]
(pass) a source revision changing before admission keeps the report without creating a repair [1866.29ms]
(pass) inherited mixed-case Git environment overrides cannot redirect source verification [720.20ms]
(pass) uncommitted Raya-looking manifests cannot establish source identity for another committed product [901.55ms]
(pass) a configured source link changing during preparation cannot redirect or retain repair authority [1029.20ms]
(pass) duplicate repair admission creates no additional session or dispatch [1045.86ms]
(pass) startup failures retain their phase without repeating side effects or exposing raw errors [6683.57ms]
(pass) unavailable failure reporting leaves a readable retained phase notice and never replays dispatch [3505.88ms]
(pass) backlog summary exposes retained startup outcome and authoritative attempt session [3.33ms]
(pass) lost phase acknowledgements never authorize their dependent side effects [4450.27ms]
(pass) inspect reads the journal directly and handles missing outcomes without assuming release [3.82ms]
(pass) unknown worktree creation is inspectable and never starts a session or retries preparation [2132.46ms]
(pass) backend checkout denial prevents its dependent session or prompt request [6036.66ms]

 16 pass
 0 fail
 106 expect() calls
Ran 16 tests across 1 file. [33.23s]
