bun test v1.3.14 (0d9b296a)

tests\unit\self-heal-source.test.ts:
(pass) source verification accepts only a committed Raya Git root and preserves its identity [2765.87ms]
(pass) an explicit missing source never falls back to an otherwise valid development checkout [446.00ms]
(pass) missing source saves intake in global context and performs no repair calls in the unrelated project [564.29ms]
(pass) valid source admission binds all repair requests and records the observed source commit [2146.49ms]
(pass) a source revision changing before admission keeps the report without creating a repair [1890.43ms]
(pass) inherited mixed-case Git environment overrides cannot redirect source verification [770.23ms]
(pass) uncommitted Raya-looking manifests cannot establish source identity for another committed product [916.37ms]
(pass) a configured source link changing during preparation cannot redirect or retain repair authority [812.63ms]
(pass) duplicate repair admission creates no additional session or dispatch [1030.64ms]
(pass) startup failures retain their phase without repeating side effects or exposing raw errors [6381.31ms]
(pass) unavailable failure reporting leaves a readable retained phase notice and never replays dispatch [3063.56ms]
(pass) backlog summary exposes retained startup outcome and authoritative attempt session [3.48ms]
(pass) lost phase acknowledgements never authorize their dependent side effects [3615.62ms]
(pass) inspect reads the journal directly and handles missing outcomes without assuming release [4.97ms]
(pass) unknown worktree creation is inspectable and never starts a session or retries preparation [3967.42ms]
(pass) backend checkout denial prevents its dependent session or prompt request [5409.10ms]

 16 pass
 0 fail
 106 expect() calls
Ran 16 tests across 1 file. [34.34s]
