bun test v1.3.14 (0d9b296a)

test\kilocode\self-heal-worktree.test.ts:
(pass) independent owners create one exact-commit checkout without changing dirty source or running hooks/setup [5880.88ms]
(pass) an existing partial checkout stays reserved and is never overwritten or retried [2807.80ms]
(pass) linked-worktree source retains canonical common Git identity [4756.82ms]
(pass) active checkout filters fail closed without invoking their external program [1611.48ms]
(pass) checkout modification before dispatch blocks the dependent prompt and retains session identity [8354.48ms]
(pass) offline LFS cache materialization verifies bytes without invoking filter helpers [7196.05ms]
(pass) offline LFS source materialization verifies bytes without invoking filter helpers [6862.65ms]
(pass) missing or corrupt local LFS content blocks before worktree mutation without fetching [4453.93ms]
(pass) managed paths cannot overlap source or follow a junction into unrelated files [1615.74ms]
(pass) source revision change after preparation blocks session creation [4617.22ms]

test\kilocode\self-heal.test.ts:
(pass) RayaSelfHeal > classifies, persists, deduplicates, and updates feedback [308.71ms]
(pass) RayaSelfHeal > prunes month-old terminal feedback but preserves unresolved work [316.28ms]
(pass) RayaSelfHeal > lets the repair agent refine classification and flag duplicates via update [318.30ms]
(pass) RayaSelfHeal > keeps only the newest fifty evidence records [183.29ms]

 14 pass
 0 fail
 79 expect() calls
Ran 14 tests across 2 files. [54.73s]
